ARM Linker, 5.03 [Build 24] [MDK-ARM Standard]

==============================================================================

Section Cross References

    arm_startup_nrf51.o(RESET) refers to arm_startup_nrf51.o(STACK) for __initial_sp
    arm_startup_nrf51.o(RESET) refers to arm_startup_nrf51.o(.text) for Reset_Handler
    arm_startup_nrf51.o(.text) refers to entry.o(.ARM.Collect$$$$00000000) for __main
    system_nrf51.o(.text) refers to system_nrf51.o(i.__ARM_common_switch8) for __ARM_common_switch8
    system_nrf51.o(.text) refers to system_nrf51.o(.data) for SystemCoreClock
    radio_tx.o(.text) refers to nrf_gpio.o(.text) for gpio_init_out
    radio_tx.o(.text) refers to simple_uart.o(.text) for simple_uart_config
    radio_tx.o(.text) refers to radio_config.o(.text) for radio_configure
    radio_tx.o(.text) refers to radio_tx.o(.bss) for packet
    pm.o(.text) refers to cfrcmple.o(.text) for __aeabi_cfrcmple
    pm.o(.text) refers to cfcmple.o(.text) for __aeabi_cfcmple
    pm.o(.text) refers to nrf_delay.o(.text) for nrf_delay_ms
    pm.o(.text) refers to pm.o(.data) for isInit
    pm.o(.text) refers to pm.o(.constdata) for bat671723HS25C
    simple_uart.o(.text) refers to simple_uart.o(.emb_text) for __asm___13_simple_uart_c_5dda6715__nrf_delay_us
    nrf_adc.o(.text) refers to ffltui.o(.text) for __aeabi_ui2f
    nrf_adc.o(.text) refers to fmul.o(.text) for __aeabi_fmul
    nrf_adc.o(.text) refers to fdiv.o(.text) for __aeabi_fdiv
    entry.o(.ARM.Collect$$$$00000000) refers (Special) to entry10a.o(.ARM.Collect$$$$0000000D) for __rt_final_cpp
    entry.o(.ARM.Collect$$$$00000000) refers (Special) to entry11a.o(.ARM.Collect$$$$0000000F) for __rt_final_exit
    entry.o(.ARM.Collect$$$$00000000) refers (Special) to entry7b.o(.ARM.Collect$$$$00000008) for _main_clock
    entry.o(.ARM.Collect$$$$00000000) refers (Special) to entry8b.o(.ARM.Collect$$$$0000000A) for _main_cpp_init
    entry.o(.ARM.Collect$$$$00000000) refers (Special) to entry9a.o(.ARM.Collect$$$$0000000B) for _main_init
    entry.o(.ARM.Collect$$$$00000000) refers (Special) to entry5.o(.ARM.Collect$$$$00000004) for _main_scatterload
    entry.o(.ARM.Collect$$$$00000000) refers (Special) to entry2.o(.ARM.Collect$$$$00000001) for _main_stk
    fmul.o(.text) refers (Special) to iusefp.o(.text) for __I$use$fp
    fdiv.o(.text) refers (Special) to iusefp.o(.text) for __I$use$fp
    fdiv.o(.text) refers to fepilogue.o(.text) for _float_round
    ffltui.o(.text) refers (Special) to iusefp.o(.text) for __I$use$fp
    ffltui.o(.text) refers to fepilogue.o(.text) for _float_epilogue
    cfcmple.o(.text) refers (Special) to iusefp.o(.text) for __I$use$fp
    cfrcmple.o(.text) refers (Special) to iusefp.o(.text) for __I$use$fp
    entry2.o(.ARM.Collect$$$$00000001) refers to entry2.o(.ARM.Collect$$$$00002712) for __lit__00000000
    entry2.o(.ARM.Collect$$$$00002712) refers to arm_startup_nrf51.o(STACK) for __initial_sp
    entry2.o(__vectab_stack_and_reset_area) refers to arm_startup_nrf51.o(STACK) for __initial_sp
    entry2.o(__vectab_stack_and_reset_area) refers to entry.o(.ARM.Collect$$$$00000000) for __main
    entry5.o(.ARM.Collect$$$$00000004) refers to init.o(.text) for __scatterload
    entry9a.o(.ARM.Collect$$$$0000000B) refers to radio_tx.o(.text) for main
    entry9b.o(.ARM.Collect$$$$0000000C) refers to radio_tx.o(.text) for main
    init.o(.text) refers to entry5.o(.ARM.Collect$$$$00000004) for __main_after_scatterload


==============================================================================

Removing Unused input sections from the image.

    Removing arm_startup_nrf51.o(HEAP), (2048 bytes).
    Removing project_nrf51822.o(.rev16_text), (4 bytes).
    Removing project_nrf51822.o(.revsh_text), (4 bytes).
    Removing project_nrf51822.o(.emb_text), (30 bytes).
    Removing system_nrf51.o(.rev16_text), (4 bytes).
    Removing system_nrf51.o(.revsh_text), (4 bytes).
    Removing system_nrf51.o(.text), (292 bytes).
    Removing system_nrf51.o(.data), (4 bytes).
    Removing radio_tx.o(.rev16_text), (4 bytes).
    Removing radio_tx.o(.revsh_text), (4 bytes).
    Removing radio_tx.o(.emb_text), (30 bytes).
    Removing pm.o(.rev16_text), (4 bytes).
    Removing pm.o(.revsh_text), (4 bytes).
    Removing pm.o(.emb_text), (30 bytes).
    Removing pm.o(.text), (520 bytes).
    Removing pm.o(.constdata), (40 bytes).
    Removing pm.o(.data), (31 bytes).
    Removing nrf_delay.o(.rev16_text), (4 bytes).
    Removing nrf_delay.o(.revsh_text), (4 bytes).
    Removing nrf_delay.o(.emb_text), (30 bytes).
    Removing nrf_delay.o(.text), (32 bytes).
    Removing nrf_gpio.o(.rev16_text), (4 bytes).
    Removing nrf_gpio.o(.revsh_text), (4 bytes).
    Removing radio_config.o(.rev16_text), (4 bytes).
    Removing radio_config.o(.revsh_text), (4 bytes).
    Removing simple_uart.o(.rev16_text), (4 bytes).
    Removing simple_uart.o(.revsh_text), (4 bytes).
    Removing nrf_adc.o(.rev16_text), (4 bytes).
    Removing nrf_adc.o(.revsh_text), (4 bytes).
    Removing nrf_adc.o(.text), (140 bytes).
    Removing fmul.o(.text), (122 bytes).
    Removing fdiv.o(.text), (124 bytes).
    Removing ffltui.o(.text), (14 bytes).
    Removing cfcmple.o(.text), (20 bytes).
    Removing cfrcmple.o(.text), (20 bytes).
    Removing fepilogue.o(.text), (132 bytes).
    Removing system_nrf51.o(i.__ARM_common_switch8), (28 bytes).

37 unused section(s) (total 3759 bytes) removed from the image.

==============================================================================

Image Symbol Table

    Local Symbols

    Symbol Name                              Value     Ov Type        Size  Object(Section)

    RESET                                    0x00000000   Section      192  arm_startup_nrf51.o(RESET)
    ../clib/microlib/init/entry.s            0x00000000   Number         0  entry.o ABSOLUTE
    ../clib/microlib/init/entry.s            0x00000000   Number         0  entry11b.o ABSOLUTE
    ../clib/microlib/init/entry.s            0x00000000   Number         0  entry11a.o ABSOLUTE
    ../clib/microlib/init/entry.s            0x00000000   Number         0  entry10b.o ABSOLUTE
    ../clib/microlib/init/entry.s            0x00000000   Number         0  entry10a.o ABSOLUTE
    ../clib/microlib/init/entry.s            0x00000000   Number         0  entry9b.o ABSOLUTE
    ../clib/microlib/init/entry.s            0x00000000   Number         0  entry9a.o ABSOLUTE
    ../clib/microlib/init/entry.s            0x00000000   Number         0  entry8b.o ABSOLUTE
    ../clib/microlib/init/entry.s            0x00000000   Number         0  entry8a.o ABSOLUTE
    ../clib/microlib/init/entry.s            0x00000000   Number         0  entry7b.o ABSOLUTE
    ../clib/microlib/init/entry.s            0x00000000   Number         0  entry7a.o ABSOLUTE
    ../clib/microlib/init/entry.s            0x00000000   Number         0  entry5.o ABSOLUTE
    ../clib/microlib/init/entry.s            0x00000000   Number         0  entry2.o ABSOLUTE
    ../clib/microlib/stubs.s                 0x00000000   Number         0  iusefp.o ABSOLUTE
    ../fplib/microlib/fpdiv.c                0x00000000   Number         0  fdiv.o ABSOLUTE
    ../fplib/microlib/fpepilogue.c           0x00000000   Number         0  fepilogue.o ABSOLUTE
    ../fplib/microlib/fpflt.c                0x00000000   Number         0  ffltui.o ABSOLUTE
    ../fplib/microlib/fpmul.c                0x00000000   Number         0  fmul.o ABSOLUTE
    ..\\out\\nrf_adc.c                       0x00000000   Number         0  nrf_adc.o ABSOLUTE
    ..\\out\\pm.c                            0x00000000   Number         0  pm.o ABSOLUTE
    ..\\out\\radio_tx.c                      0x00000000   Number         0  radio_tx.o ABSOLUTE
    ..\\project_nrf51\\Basic\\Include_C\\nrf_delay\\nrf_delay.c 0x00000000   Number         0  nrf_delay.o ABSOLUTE
    ..\\project_nrf51\\Basic\\Include_C\\nrf_gpio.c 0x00000000   Number         0  nrf_gpio.o ABSOLUTE
    ..\\project_nrf51\\Basic\\Include_C\\nrf_radio\\radio_config.c 0x00000000   Number         0  radio_config.o ABSOLUTE
    ..\\project_nrf51\\Basic\\Include_C\\simple_uart\\simple_uart.c 0x00000000   Number         0  simple_uart.o ABSOLUTE
    ..\\project_nrf51\\Basic\\startup\\project_nrf51822.c 0x00000000   Number         0  project_nrf51822.o ABSOLUTE
    ..\\project_nrf51\\Basic\\startup\\system_nrf51.c 0x00000000   Number         0  system_nrf51.o ABSOLUTE
    ..\out\nrf_adc.c                         0x00000000   Number         0  nrf_adc.o ABSOLUTE
    ..\out\pm.c                              0x00000000   Number         0  pm.o ABSOLUTE
    ..\out\radio_tx.c                        0x00000000   Number         0  radio_tx.o ABSOLUTE
    ..\project_nrf51\Basic\Include_C\nrf_delay\nrf_delay.c 0x00000000   Number         0  nrf_delay.o ABSOLUTE
    ..\project_nrf51\Basic\Include_C\nrf_gpio.c 0x00000000   Number         0  nrf_gpio.o ABSOLUTE
    ..\project_nrf51\Basic\Include_C\nrf_radio\radio_config.c 0x00000000   Number         0  radio_config.o ABSOLUTE
    ..\project_nrf51\Basic\Include_C\simple_uart\simple_uart.c 0x00000000   Number         0  simple_uart.o ABSOLUTE
    ..\project_nrf51\Basic\startup\arm_startup_nrf51.s 0x00000000   Number         0  arm_startup_nrf51.o ABSOLUTE
    ..\project_nrf51\Basic\startup\project_nrf51822.c 0x00000000   Number         0  project_nrf51822.o ABSOLUTE
    ..\project_nrf51\Basic\startup\system_nrf51.c 0x00000000   Number         0  system_nrf51.o ABSOLUTE
    cfcmple.s                                0x00000000   Number         0  cfcmple.o ABSOLUTE
    cfrcmple.s                               0x00000000   Number         0  cfrcmple.o ABSOLUTE
    dc.s                                     0x00000000   Number         0  dc.o ABSOLUTE
    handlers.s                               0x00000000   Number         0  handlers.o ABSOLUTE
    init.s                                   0x00000000   Number         0  init.o ABSOLUTE
    .ARM.Collect$$$$00000000                 0x000000c0   Section        0  entry.o(.ARM.Collect$$$$00000000)
    .ARM.Collect$$$$00000001                 0x000000c0   Section        4  entry2.o(.ARM.Collect$$$$00000001)
    .ARM.Collect$$$$00000004                 0x000000c4   Section        4  entry5.o(.ARM.Collect$$$$00000004)
    .ARM.Collect$$$$00000008                 0x000000c8   Section        0  entry7b.o(.ARM.Collect$$$$00000008)
    .ARM.Collect$$$$0000000A                 0x000000c8   Section        0  entry8b.o(.ARM.Collect$$$$0000000A)
    .ARM.Collect$$$$0000000B                 0x000000c8   Section        8  entry9a.o(.ARM.Collect$$$$0000000B)
    .ARM.Collect$$$$0000000D                 0x000000d0   Section        0  entry10a.o(.ARM.Collect$$$$0000000D)
    .ARM.Collect$$$$0000000F                 0x000000d0   Section        0  entry11a.o(.ARM.Collect$$$$0000000F)
    .ARM.Collect$$$$00002712                 0x000000d0   Section        4  entry2.o(.ARM.Collect$$$$00002712)
    __lit__00000000                          0x000000d0   Data           4  entry2.o(.ARM.Collect$$$$00002712)
    .emb_text                                0x000000d4   Section       30  simple_uart.o(.emb_text)
    .text                                    0x000000f4   Section       20  arm_startup_nrf51.o(.text)
    .text                                    0x00000108   Section        0  radio_tx.o(.text)
    .text                                    0x00000294   Section        0  nrf_gpio.o(.text)
    .text                                    0x000002fc   Section        0  radio_config.o(.text)
    swap_bits                                0x000002fd   Thumb Code    36  radio_config.o(.text)
    bytewise_bitswap                         0x00000321   Thumb Code    42  radio_config.o(.text)
    .text                                    0x000003cc   Section        0  simple_uart.o(.text)
    nrf_gpio_cfg_output                      0x000004cb   Thumb Code    18  simple_uart.o(.text)
    nrf_gpio_cfg_input                       0x000004dd   Thumb Code    20  simple_uart.o(.text)
    .text                                    0x00000500   Section       36  init.o(.text)
    i.__scatterload_copy                     0x00000524   Section       14  handlers.o(i.__scatterload_copy)
    i.__scatterload_null                     0x00000532   Section        2  handlers.o(i.__scatterload_null)
    i.__scatterload_zeroinit                 0x00000534   Section       14  handlers.o(i.__scatterload_zeroinit)
    .bss                                     0x20000000   Section       32  radio_tx.o(.bss)
    packet                                   0x20000000   Data          32  radio_tx.o(.bss)
    STACK                                    0x20000020   Section     2048  arm_startup_nrf51.o(STACK)

    Global Symbols

    Symbol Name                              Value     Ov Type        Size  Object(Section)

    BuildAttributes$$THM_ISAv3M$S$PE$A:L22$X:L11$S22$IEEE1$IW$USESV6$~STKCKD$USESV7$~SHL$OTIME$ROPI$EBA8$MICROLIB$REQ8$PRES8$EABIv2 0x00000000   Number         0  anon$$obj.o ABSOLUTE
    __ARM_use_no_argv                        0x00000000   Number         0  radio_tx.o ABSOLUTE
    __Vectors                                0x00000000   Data           4  arm_startup_nrf51.o(RESET)
    __cpp_initialize__aeabi_                  - Undefined Weak Reference
    __cxa_finalize                            - Undefined Weak Reference
    __decompress                              - Undefined Weak Reference
    _clock_init                               - Undefined Weak Reference
    _microlib_exit                            - Undefined Weak Reference
    __Vectors_End                            0x000000c0   Data           0  arm_startup_nrf51.o(RESET)
    __Vectors_Size                           0x000000c0   Number         0  arm_startup_nrf51.o ABSOLUTE
    __main                                   0x000000c1   Thumb Code     0  entry.o(.ARM.Collect$$$$00000000)
    _main_stk                                0x000000c1   Thumb Code     0  entry2.o(.ARM.Collect$$$$00000001)
    _main_scatterload                        0x000000c5   Thumb Code     0  entry5.o(.ARM.Collect$$$$00000004)
    __main_after_scatterload                 0x000000c9   Thumb Code     0  entry5.o(.ARM.Collect$$$$00000004)
    _main_clock                              0x000000c9   Thumb Code     0  entry7b.o(.ARM.Collect$$$$00000008)
    _main_cpp_init                           0x000000c9   Thumb Code     0  entry8b.o(.ARM.Collect$$$$0000000A)
    _main_init                               0x000000c9   Thumb Code     0  entry9a.o(.ARM.Collect$$$$0000000B)
    __rt_final_cpp                           0x000000d1   Thumb Code     0  entry10a.o(.ARM.Collect$$$$0000000D)
    __rt_final_exit                          0x000000d1   Thumb Code     0  entry11a.o(.ARM.Collect$$$$0000000F)
    __asm___13_simple_uart_c_5dda6715__nrf_delay_us 0x000000d5   Thumb Code    30  simple_uart.o(.emb_text)
    Reset_Handler                            0x000000f5   Thumb Code     4  arm_startup_nrf51.o(.text)
    NMI_Handler                              0x000000f9   Thumb Code     2  arm_startup_nrf51.o(.text)
    HardFault_Handler                        0x000000fb   Thumb Code     2  arm_startup_nrf51.o(.text)
    SVC_Handler                              0x000000fd   Thumb Code     2  arm_startup_nrf51.o(.text)
    PendSV_Handler                           0x000000ff   Thumb Code     2  arm_startup_nrf51.o(.text)
    SysTick_Handler                          0x00000101   Thumb Code     2  arm_startup_nrf51.o(.text)
    ADC_IRQHandler                           0x00000103   Thumb Code     0  arm_startup_nrf51.o(.text)
    CCM_AAR_IRQHandler                       0x00000103   Thumb Code     0  arm_startup_nrf51.o(.text)
    ECB_IRQHandler                           0x00000103   Thumb Code     0  arm_startup_nrf51.o(.text)
    GPIOTE_IRQHandler                        0x00000103   Thumb Code     0  arm_startup_nrf51.o(.text)
    LPCOMP_COMP_IRQHandler                   0x00000103   Thumb Code     0  arm_startup_nrf51.o(.text)
    POWER_CLOCK_IRQHandler                   0x00000103   Thumb Code     0  arm_startup_nrf51.o(.text)
    QDEC_IRQHandler                          0x00000103   Thumb Code     0  arm_startup_nrf51.o(.text)
    RADIO_IRQHandler                         0x00000103   Thumb Code     0  arm_startup_nrf51.o(.text)
    RNG_IRQHandler                           0x00000103   Thumb Code     0  arm_startup_nrf51.o(.text)
    RTC0_IRQHandler                          0x00000103   Thumb Code     0  arm_startup_nrf51.o(.text)
    RTC1_IRQHandler                          0x00000103   Thumb Code     0  arm_startup_nrf51.o(.text)
    SPI0_TWI0_IRQHandler                     0x00000103   Thumb Code     0  arm_startup_nrf51.o(.text)
    SPI1_TWI1_IRQHandler                     0x00000103   Thumb Code     0  arm_startup_nrf51.o(.text)
    SWI0_IRQHandler                          0x00000103   Thumb Code     0  arm_startup_nrf51.o(.text)
    SWI1_IRQHandler                          0x00000103   Thumb Code     0  arm_startup_nrf51.o(.text)
    SWI2_IRQHandler                          0x00000103   Thumb Code     0  arm_startup_nrf51.o(.text)
    SWI3_IRQHandler                          0x00000103   Thumb Code     0  arm_startup_nrf51.o(.text)
    SWI4_IRQHandler                          0x00000103   Thumb Code     0  arm_startup_nrf51.o(.text)
    SWI5_IRQHandler                          0x00000103   Thumb Code     0  arm_startup_nrf51.o(.text)
    TEMP_IRQHandler                          0x00000103   Thumb Code     0  arm_startup_nrf51.o(.text)
    TIMER0_IRQHandler                        0x00000103   Thumb Code     0  arm_startup_nrf51.o(.text)
    TIMER1_IRQHandler                        0x00000103   Thumb Code     0  arm_startup_nrf51.o(.text)
    TIMER2_IRQHandler                        0x00000103   Thumb Code     0  arm_startup_nrf51.o(.text)
    UART0_IRQHandler                         0x00000103   Thumb Code     0  arm_startup_nrf51.o(.text)
    WDT_IRQHandler                           0x00000103   Thumb Code     0  arm_startup_nrf51.o(.text)
    init                                     0x00000109   Thumb Code   142  radio_tx.o(.text)
    ioinit                                   0x00000197   Thumb Code    12  radio_tx.o(.text)
    main                                     0x000001a3   Thumb Code   202  radio_tx.o(.text)
    gpio_init_in                             0x00000295   Thumb Code    56  nrf_gpio.o(.text)
    gpio_init_out                            0x000002cd   Thumb Code    46  nrf_gpio.o(.text)
    radio_configure                          0x0000034b   Thumb Code    98  radio_config.o(.text)
    simple_uart_get                          0x000003cd   Thumb Code    24  simple_uart.o(.text)
    simple_uart_get_with_timeout             0x000003e5   Thumb Code    62  simple_uart.o(.text)
    simple_uart_put                          0x00000423   Thumb Code    22  simple_uart.o(.text)
    simple_uart_putstring                    0x00000439   Thumb Code    32  simple_uart.o(.text)
    simple_uart_config                       0x00000459   Thumb Code    90  simple_uart.o(.text)
    fputc                                    0x000004b3   Thumb Code    24  simple_uart.o(.text)
    __scatterload                            0x00000501   Thumb Code    28  init.o(.text)
    __scatterload_rt2                        0x00000501   Thumb Code     0  init.o(.text)
    __scatterload_copy                       0x00000525   Thumb Code    14  handlers.o(i.__scatterload_copy)
    __scatterload_null                       0x00000533   Thumb Code     2  handlers.o(i.__scatterload_null)
    __scatterload_zeroinit                   0x00000535   Thumb Code    14  handlers.o(i.__scatterload_zeroinit)
    Region$$Table$$Base                      0x00000544   Number         0  anon$$obj.o(Region$$Table)
    Region$$Table$$Limit                     0x00000554   Number         0  anon$$obj.o(Region$$Table)
    __initial_sp                             0x20000820   Data           0  arm_startup_nrf51.o(STACK)



==============================================================================

Memory Map of the image

  Image Entry point : 0x000000c1

  Load Region LR_IROM1 (Base: 0x00000000, Size: 0x00000554, Max: 0x00040000, ABSOLUTE)

    Execution Region ER_IROM1 (Base: 0x00000000, Size: 0x00000554, Max: 0x00040000, ABSOLUTE)

    Base Addr    Size         Type   Attr      Idx    E Section Name        Object

    0x00000000   0x000000c0   Data   RO            3    RESET               arm_startup_nrf51.o
    0x000000c0   0x00000000   Code   RO          319  * .ARM.Collect$$$$00000000  mc_p.l(entry.o)
    0x000000c0   0x00000004   Code   RO          332    .ARM.Collect$$$$00000001  mc_p.l(entry2.o)
    0x000000c4   0x00000004   Code   RO          335    .ARM.Collect$$$$00000004  mc_p.l(entry5.o)
    0x000000c8   0x00000000   Code   RO          337    .ARM.Collect$$$$00000008  mc_p.l(entry7b.o)
    0x000000c8   0x00000000   Code   RO          339    .ARM.Collect$$$$0000000A  mc_p.l(entry8b.o)
    0x000000c8   0x00000008   Code   RO          340    .ARM.Collect$$$$0000000B  mc_p.l(entry9a.o)
    0x000000d0   0x00000000   Code   RO          342    .ARM.Collect$$$$0000000D  mc_p.l(entry10a.o)
    0x000000d0   0x00000000   Code   RO          344    .ARM.Collect$$$$0000000F  mc_p.l(entry11a.o)
    0x000000d0   0x00000004   Code   RO          333    .ARM.Collect$$$$00002712  mc_p.l(entry2.o)
    0x000000d4   0x0000001e   Code   RO          274    .emb_text           simple_uart.o
    0x000000f2   0x00000002   PAD
    0x000000f4   0x00000014   Code   RO            4    .text               arm_startup_nrf51.o
    0x00000108   0x0000018c   Code   RO          146    .text               radio_tx.o
    0x00000294   0x00000066   Code   RO          234    .text               nrf_gpio.o
    0x000002fa   0x00000002   PAD
    0x000002fc   0x000000d0   Code   RO          254    .text               radio_config.o
    0x000003cc   0x00000134   Code   RO          275    .text               simple_uart.o
    0x00000500   0x00000024   Code   RO          349    .text               mc_p.l(init.o)
    0x00000524   0x0000000e   Code   RO          353    i.__scatterload_copy  mc_p.l(handlers.o)
    0x00000532   0x00000002   Code   RO          354    i.__scatterload_null  mc_p.l(handlers.o)
    0x00000534   0x0000000e   Code   RO          355    i.__scatterload_zeroinit  mc_p.l(handlers.o)
    0x00000542   0x00000002   PAD
    0x00000544   0x00000010   Data   RO          351    Region$$Table       anon$$obj.o


    Execution Region RW_IRAM1 (Base: 0x20000000, Size: 0x00000820, Max: 0x00004000, ABSOLUTE)

    Base Addr    Size         Type   Attr      Idx    E Section Name        Object

    0x20000000   0x00000020   Zero   RW          147    .bss                radio_tx.o
    0x20000020   0x00000800   Zero   RW            1    STACK               arm_startup_nrf51.o


==============================================================================

Image component sizes


      Code (inc. data)   RO Data    RW Data    ZI Data      Debug   Object Name

        20          4        192          0       2048        636   arm_startup_nrf51.o
       102          0          0          0          0        785   nrf_gpio.o
         0          0          0          0          0       4212   project_nrf51822.o
       208         32          0          0          0        966   radio_config.o
       396         40          0          0         32       3655   radio_tx.o
       338         16          0          0          0       4906   simple_uart.o

    ----------------------------------------------------------------------
      1068         92        208          0       2080      15160   Object Totals
         0          0         16          0          0          0   (incl. Generated)
         4          0          0          0          0          0   (incl. Padding)

    ----------------------------------------------------------------------

      Code (inc. data)   RO Data    RW Data    ZI Data      Debug   Library Member Name

         0          0          0          0          0          0   entry.o
         0          0          0          0          0          0   entry10a.o
         0          0          0          0          0          0   entry11a.o
         8          4          0          0          0          0   entry2.o
         4          0          0          0          0          0   entry5.o
         0          0          0          0          0          0   entry7b.o
         0          0          0          0          0          0   entry8b.o
         8          4          0          0          0          0   entry9a.o
        30          0          0          0          0          0   handlers.o
        36          8          0          0          0         68   init.o

    ----------------------------------------------------------------------
        88         16          0          0          0         68   Library Totals
         2          0          0          0          0          0   (incl. Padding)

    ----------------------------------------------------------------------

      Code (inc. data)   RO Data    RW Data    ZI Data      Debug   Library Name

        86         16          0          0          0         68   mc_p.l

    ----------------------------------------------------------------------
        88         16          0          0          0         68   Library Totals

    ----------------------------------------------------------------------

==============================================================================


      Code (inc. data)   RO Data    RW Data    ZI Data      Debug   

      1156        108        208          0       2080      14904   Grand Totals
      1156        108        208          0       2080      14904   ELF Image Totals
      1156        108        208          0          0          0   ROM Totals

==============================================================================

    Total RO  Size (Code + RO Data)                 1364 (   1.33kB)
    Total RW  Size (RW Data + ZI Data)              2080 (   2.03kB)
    Total ROM Size (Code + RO Data + RW Data)       1364 (   1.33kB)

==============================================================================

