ARM Linker, 5.03 [Build 24] [MDK-ARM Standard]

==============================================================================

Section Cross References

    arm_startup_nrf51.o(RESET) refers to arm_startup_nrf51.o(STACK) for __initial_sp
    arm_startup_nrf51.o(RESET) refers to arm_startup_nrf51.o(.text) for Reset_Handler
    arm_startup_nrf51.o(.text) refers to entry.o(.ARM.Collect$$$$00000000) for __main
    system_nrf51.o(.text) refers to system_nrf51.o(i.__ARM_common_switch8) for __ARM_common_switch8
    system_nrf51.o(.text) refers to system_nrf51.o(.data) for SystemCoreClock
    radio_rx.o(.text) refers to nrf_gpio.o(.text) for gpio_init_out
    radio_rx.o(.text) refers to simple_uart.o(.text) for simple_uart_config
    radio_rx.o(.text) refers to radio_config.o(.text) for radio_configure
    radio_rx.o(.text) refers to nrf_adc.o(.text) for nrf_adc_init_vbat
    radio_rx.o(.text) refers to pm.o(.text) for pmInit
    radio_rx.o(.text) refers to radio_rx.o(.bss) for packet
    pm.o(.text) refers to cfrcmple.o(.text) for __aeabi_cfrcmple
    pm.o(.text) refers to cfcmple.o(.text) for __aeabi_cfcmple
    pm.o(.text) refers to nrf_delay.o(.text) for nrf_delay_ms
    pm.o(.text) refers to pm.o(.data) for isInit
    pm.o(.text) refers to pm.o(.constdata) for bat671723HS25C
    simple_uart.o(.text) refers to simple_uart.o(.emb_text) for __asm___13_simple_uart_c_5dda6715__nrf_delay_us
    nrf_adc.o(.text) refers to ffltui.o(.text) for __aeabi_ui2f
    nrf_adc.o(.text) refers to fmul.o(.text) for __aeabi_fmul
    nrf_adc.o(.text) refers to fdiv.o(.text) for __aeabi_fdiv
    entry.o(.ARM.Collect$$$$00000000) refers (Special) to entry10a.o(.ARM.Collect$$$$0000000D) for __rt_final_cpp
    entry.o(.ARM.Collect$$$$00000000) refers (Special) to entry11a.o(.ARM.Collect$$$$0000000F) for __rt_final_exit
    entry.o(.ARM.Collect$$$$00000000) refers (Special) to entry7b.o(.ARM.Collect$$$$00000008) for _main_clock
    entry.o(.ARM.Collect$$$$00000000) refers (Special) to entry8b.o(.ARM.Collect$$$$0000000A) for _main_cpp_init
    entry.o(.ARM.Collect$$$$00000000) refers (Special) to entry9a.o(.ARM.Collect$$$$0000000B) for _main_init
    entry.o(.ARM.Collect$$$$00000000) refers (Special) to entry5.o(.ARM.Collect$$$$00000004) for _main_scatterload
    entry.o(.ARM.Collect$$$$00000000) refers (Special) to entry2.o(.ARM.Collect$$$$00000001) for _main_stk
    fmul.o(.text) refers (Special) to iusefp.o(.text) for __I$use$fp
    fdiv.o(.text) refers (Special) to iusefp.o(.text) for __I$use$fp
    fdiv.o(.text) refers to fepilogue.o(.text) for _float_round
    ffltui.o(.text) refers (Special) to iusefp.o(.text) for __I$use$fp
    ffltui.o(.text) refers to fepilogue.o(.text) for _float_epilogue
    cfcmple.o(.text) refers (Special) to iusefp.o(.text) for __I$use$fp
    cfrcmple.o(.text) refers (Special) to iusefp.o(.text) for __I$use$fp
    entry2.o(.ARM.Collect$$$$00000001) refers to entry2.o(.ARM.Collect$$$$00002712) for __lit__00000000
    entry2.o(.ARM.Collect$$$$00002712) refers to arm_startup_nrf51.o(STACK) for __initial_sp
    entry2.o(__vectab_stack_and_reset_area) refers to arm_startup_nrf51.o(STACK) for __initial_sp
    entry2.o(__vectab_stack_and_reset_area) refers to entry.o(.ARM.Collect$$$$00000000) for __main
    entry5.o(.ARM.Collect$$$$00000004) refers to init.o(.text) for __scatterload
    entry9a.o(.ARM.Collect$$$$0000000B) refers to radio_rx.o(.text) for main
    entry9b.o(.ARM.Collect$$$$0000000C) refers to radio_rx.o(.text) for main
    init.o(.text) refers to entry5.o(.ARM.Collect$$$$00000004) for __main_after_scatterload


==============================================================================

Removing Unused input sections from the image.

    Removing arm_startup_nrf51.o(HEAP), (2048 bytes).
    Removing project_nrf51822.o(.rev16_text), (4 bytes).
    Removing project_nrf51822.o(.revsh_text), (4 bytes).
    Removing project_nrf51822.o(.emb_text), (30 bytes).
    Removing system_nrf51.o(.rev16_text), (4 bytes).
    Removing system_nrf51.o(.revsh_text), (4 bytes).
    Removing system_nrf51.o(.text), (292 bytes).
    Removing system_nrf51.o(.data), (4 bytes).
    Removing radio_rx.o(.rev16_text), (4 bytes).
    Removing radio_rx.o(.revsh_text), (4 bytes).
    Removing radio_rx.o(.emb_text), (30 bytes).
    Removing pm.o(.rev16_text), (4 bytes).
    Removing pm.o(.revsh_text), (4 bytes).
    Removing pm.o(.emb_text), (30 bytes).
    Removing nrf_delay.o(.rev16_text), (4 bytes).
    Removing nrf_delay.o(.revsh_text), (4 bytes).
    Removing nrf_delay.o(.emb_text), (30 bytes).
    Removing nrf_gpio.o(.rev16_text), (4 bytes).
    Removing nrf_gpio.o(.revsh_text), (4 bytes).
    Removing radio_config.o(.rev16_text), (4 bytes).
    Removing radio_config.o(.revsh_text), (4 bytes).
    Removing simple_uart.o(.rev16_text), (4 bytes).
    Removing simple_uart.o(.revsh_text), (4 bytes).
    Removing nrf_adc.o(.rev16_text), (4 bytes).
    Removing nrf_adc.o(.revsh_text), (4 bytes).
    Removing system_nrf51.o(i.__ARM_common_switch8), (28 bytes).

26 unused section(s) (total 2564 bytes) removed from the image.

==============================================================================

Image Symbol Table

    Local Symbols

    Symbol Name                              Value     Ov Type        Size  Object(Section)

    RESET                                    0x00000000   Section      192  arm_startup_nrf51.o(RESET)
    ../clib/microlib/init/entry.s            0x00000000   Number         0  entry5.o ABSOLUTE
    ../clib/microlib/init/entry.s            0x00000000   Number         0  entry10a.o ABSOLUTE
    ../clib/microlib/init/entry.s            0x00000000   Number         0  entry.o ABSOLUTE
    ../clib/microlib/init/entry.s            0x00000000   Number         0  entry11a.o ABSOLUTE
    ../clib/microlib/init/entry.s            0x00000000   Number         0  entry11b.o ABSOLUTE
    ../clib/microlib/init/entry.s            0x00000000   Number         0  entry10b.o ABSOLUTE
    ../clib/microlib/init/entry.s            0x00000000   Number         0  entry9b.o ABSOLUTE
    ../clib/microlib/init/entry.s            0x00000000   Number         0  entry9a.o ABSOLUTE
    ../clib/microlib/init/entry.s            0x00000000   Number         0  entry8b.o ABSOLUTE
    ../clib/microlib/init/entry.s            0x00000000   Number         0  entry8a.o ABSOLUTE
    ../clib/microlib/init/entry.s            0x00000000   Number         0  entry7b.o ABSOLUTE
    ../clib/microlib/init/entry.s            0x00000000   Number         0  entry7a.o ABSOLUTE
    ../clib/microlib/init/entry.s            0x00000000   Number         0  entry2.o ABSOLUTE
    ../clib/microlib/stubs.s                 0x00000000   Number         0  iusefp.o ABSOLUTE
    ../fplib/microlib/fpdiv.c                0x00000000   Number         0  fdiv.o ABSOLUTE
    ../fplib/microlib/fpepilogue.c           0x00000000   Number         0  fepilogue.o ABSOLUTE
    ../fplib/microlib/fpflt.c                0x00000000   Number         0  ffltui.o ABSOLUTE
    ../fplib/microlib/fpmul.c                0x00000000   Number         0  fmul.o ABSOLUTE
    ..\\out\\nrf_adc.c                       0x00000000   Number         0  nrf_adc.o ABSOLUTE
    ..\\out\\pm.c                            0x00000000   Number         0  pm.o ABSOLUTE
    ..\\out\\radio_rx.c                      0x00000000   Number         0  radio_rx.o ABSOLUTE
    ..\\project_nrf51\\Basic\\Include_C\\nrf_delay\\nrf_delay.c 0x00000000   Number         0  nrf_delay.o ABSOLUTE
    ..\\project_nrf51\\Basic\\Include_C\\nrf_gpio.c 0x00000000   Number         0  nrf_gpio.o ABSOLUTE
    ..\\project_nrf51\\Basic\\Include_C\\nrf_radio\\radio_config.c 0x00000000   Number         0  radio_config.o ABSOLUTE
    ..\\project_nrf51\\Basic\\Include_C\\simple_uart\\simple_uart.c 0x00000000   Number         0  simple_uart.o ABSOLUTE
    ..\\project_nrf51\\Basic\\startup\\project_nrf51822.c 0x00000000   Number         0  project_nrf51822.o ABSOLUTE
    ..\\project_nrf51\\Basic\\startup\\system_nrf51.c 0x00000000   Number         0  system_nrf51.o ABSOLUTE
    ..\out\nrf_adc.c                         0x00000000   Number         0  nrf_adc.o ABSOLUTE
    ..\out\pm.c                              0x00000000   Number         0  pm.o ABSOLUTE
    ..\out\radio_rx.c                        0x00000000   Number         0  radio_rx.o ABSOLUTE
    ..\project_nrf51\Basic\Include_C\nrf_delay\nrf_delay.c 0x00000000   Number         0  nrf_delay.o ABSOLUTE
    ..\project_nrf51\Basic\Include_C\nrf_gpio.c 0x00000000   Number         0  nrf_gpio.o ABSOLUTE
    ..\project_nrf51\Basic\Include_C\nrf_radio\radio_config.c 0x00000000   Number         0  radio_config.o ABSOLUTE
    ..\project_nrf51\Basic\Include_C\simple_uart\simple_uart.c 0x00000000   Number         0  simple_uart.o ABSOLUTE
    ..\project_nrf51\Basic\startup\arm_startup_nrf51.s 0x00000000   Number         0  arm_startup_nrf51.o ABSOLUTE
    ..\project_nrf51\Basic\startup\project_nrf51822.c 0x00000000   Number         0  project_nrf51822.o ABSOLUTE
    ..\project_nrf51\Basic\startup\system_nrf51.c 0x00000000   Number         0  system_nrf51.o ABSOLUTE
    cfcmple.s                                0x00000000   Number         0  cfcmple.o ABSOLUTE
    cfrcmple.s                               0x00000000   Number         0  cfrcmple.o ABSOLUTE
    dc.s                                     0x00000000   Number         0  dc.o ABSOLUTE
    handlers.s                               0x00000000   Number         0  handlers.o ABSOLUTE
    init.s                                   0x00000000   Number         0  init.o ABSOLUTE
    .ARM.Collect$$$$00000000                 0x000000c0   Section        0  entry.o(.ARM.Collect$$$$00000000)
    .ARM.Collect$$$$00000001                 0x000000c0   Section        4  entry2.o(.ARM.Collect$$$$00000001)
    .ARM.Collect$$$$00000004                 0x000000c4   Section        4  entry5.o(.ARM.Collect$$$$00000004)
    .ARM.Collect$$$$00000008                 0x000000c8   Section        0  entry7b.o(.ARM.Collect$$$$00000008)
    .ARM.Collect$$$$0000000A                 0x000000c8   Section        0  entry8b.o(.ARM.Collect$$$$0000000A)
    .ARM.Collect$$$$0000000B                 0x000000c8   Section        8  entry9a.o(.ARM.Collect$$$$0000000B)
    .ARM.Collect$$$$0000000D                 0x000000d0   Section        0  entry10a.o(.ARM.Collect$$$$0000000D)
    .ARM.Collect$$$$0000000F                 0x000000d0   Section        0  entry11a.o(.ARM.Collect$$$$0000000F)
    .ARM.Collect$$$$00002712                 0x000000d0   Section        4  entry2.o(.ARM.Collect$$$$00002712)
    __lit__00000000                          0x000000d0   Data           4  entry2.o(.ARM.Collect$$$$00002712)
    .emb_text                                0x000000d4   Section       30  simple_uart.o(.emb_text)
    .text                                    0x000000f4   Section       20  arm_startup_nrf51.o(.text)
    .text                                    0x00000108   Section        0  radio_rx.o(.text)
    nrf_gpio_pin_clear                       0x0000026b   Thumb Code    10  radio_rx.o(.text)
    .text                                    0x000002a0   Section        0  pm.o(.text)
    pmSetBatteryVoltage                      0x000002ed   Thumb Code    42  pm.o(.text)
    pmSystemShutdown                         0x00000317   Thumb Code    10  pm.o(.text)
    pmBatteryChargeFromVoltage               0x00000321   Thumb Code    60  pm.o(.text)
    nrf_gpio_pin_set                         0x00000467   Thumb Code    10  pm.o(.text)
    nrf_gpio_pin_clear                       0x00000471   Thumb Code    10  pm.o(.text)
    nrf_gpio_pin_read                        0x0000047b   Thumb Code    14  pm.o(.text)
    .text                                    0x000004a8   Section        0  nrf_delay.o(.text)
    .text                                    0x000004c8   Section        0  nrf_gpio.o(.text)
    .text                                    0x00000530   Section        0  radio_config.o(.text)
    swap_bits                                0x00000531   Thumb Code    36  radio_config.o(.text)
    bytewise_bitswap                         0x00000555   Thumb Code    42  radio_config.o(.text)
    .text                                    0x00000600   Section        0  simple_uart.o(.text)
    nrf_gpio_cfg_output                      0x000006ff   Thumb Code    18  simple_uart.o(.text)
    nrf_gpio_cfg_input                       0x00000711   Thumb Code    20  simple_uart.o(.text)
    .text                                    0x00000734   Section        0  nrf_adc.o(.text)
    .text                                    0x000007c0   Section        0  fmul.o(.text)
    .text                                    0x0000083a   Section        0  fdiv.o(.text)
    .text                                    0x000008b6   Section        0  ffltui.o(.text)
    .text                                    0x000008c4   Section       20  cfcmple.o(.text)
    .text                                    0x000008d8   Section       20  cfrcmple.o(.text)
    .text                                    0x000008ec   Section        0  iusefp.o(.text)
    .text                                    0x000008ec   Section        0  fepilogue.o(.text)
    .text                                    0x00000970   Section       36  init.o(.text)
    i.__scatterload_copy                     0x00000994   Section       14  handlers.o(i.__scatterload_copy)
    i.__scatterload_null                     0x000009a2   Section        2  handlers.o(i.__scatterload_null)
    i.__scatterload_zeroinit                 0x000009a4   Section       14  handlers.o(i.__scatterload_zeroinit)
    .constdata                               0x000009b4   Section       40  pm.o(.constdata)
    bat671723HS25C                           0x000009b4   Data          40  pm.o(.constdata)
    .data                                    0x20000000   Section       31  pm.o(.data)
    batteryVoltageMin                        0x20000000   Data           4  pm.o(.data)
    batteryVoltageMax                        0x20000004   Data           4  pm.o(.data)
    batteryVRawFilt                          0x20000008   Data           4  pm.o(.data)
    batteryVRefRawFilt                       0x2000000c   Data           4  pm.o(.data)
    batteryVoltage                           0x20000010   Data           4  pm.o(.data)
    batteryLowTimeStamp                      0x20000014   Data           4  pm.o(.data)
    batteryCriticalLowTimeStamp              0x20000018   Data           4  pm.o(.data)
    isInit                                   0x2000001c   Data           1  pm.o(.data)
    pmState                                  0x2000001d   Data           1  pm.o(.data)
    pmChargeState                            0x2000001e   Data           1  pm.o(.data)
    .bss                                     0x20000020   Section       32  radio_rx.o(.bss)
    packet                                   0x20000020   Data          32  radio_rx.o(.bss)
    STACK                                    0x20000040   Section     2048  arm_startup_nrf51.o(STACK)

    Global Symbols

    Symbol Name                              Value     Ov Type        Size  Object(Section)

    BuildAttributes$$THM_ISAv3M$S$PE$A:L22$X:L11$S22$IEEE1$IW$USESV6$~STKCKD$USESV7$~SHL$OTIME$ROPI$EBA8$MICROLIB$REQ8$PRES8$EABIv2 0x00000000   Number         0  anon$$obj.o ABSOLUTE
    __ARM_use_no_argv                        0x00000000   Number         0  radio_rx.o ABSOLUTE
    __Vectors                                0x00000000   Data           4  arm_startup_nrf51.o(RESET)
    __cpp_initialize__aeabi_                  - Undefined Weak Reference
    __cxa_finalize                            - Undefined Weak Reference
    __decompress                              - Undefined Weak Reference
    _clock_init                               - Undefined Weak Reference
    _microlib_exit                            - Undefined Weak Reference
    __Vectors_End                            0x000000c0   Data           0  arm_startup_nrf51.o(RESET)
    __Vectors_Size                           0x000000c0   Number         0  arm_startup_nrf51.o ABSOLUTE
    __main                                   0x000000c1   Thumb Code     0  entry.o(.ARM.Collect$$$$00000000)
    _main_stk                                0x000000c1   Thumb Code     0  entry2.o(.ARM.Collect$$$$00000001)
    _main_scatterload                        0x000000c5   Thumb Code     0  entry5.o(.ARM.Collect$$$$00000004)
    __main_after_scatterload                 0x000000c9   Thumb Code     0  entry5.o(.ARM.Collect$$$$00000004)
    _main_clock                              0x000000c9   Thumb Code     0  entry7b.o(.ARM.Collect$$$$00000008)
    _main_cpp_init                           0x000000c9   Thumb Code     0  entry8b.o(.ARM.Collect$$$$0000000A)
    _main_init                               0x000000c9   Thumb Code     0  entry9a.o(.ARM.Collect$$$$0000000B)
    __rt_final_cpp                           0x000000d1   Thumb Code     0  entry10a.o(.ARM.Collect$$$$0000000D)
    __rt_final_exit                          0x000000d1   Thumb Code     0  entry11a.o(.ARM.Collect$$$$0000000F)
    __asm___13_simple_uart_c_5dda6715__nrf_delay_us 0x000000d5   Thumb Code    30  simple_uart.o(.emb_text)
    Reset_Handler                            0x000000f5   Thumb Code     4  arm_startup_nrf51.o(.text)
    NMI_Handler                              0x000000f9   Thumb Code     2  arm_startup_nrf51.o(.text)
    HardFault_Handler                        0x000000fb   Thumb Code     2  arm_startup_nrf51.o(.text)
    SVC_Handler                              0x000000fd   Thumb Code     2  arm_startup_nrf51.o(.text)
    PendSV_Handler                           0x000000ff   Thumb Code     2  arm_startup_nrf51.o(.text)
    SysTick_Handler                          0x00000101   Thumb Code     2  arm_startup_nrf51.o(.text)
    ADC_IRQHandler                           0x00000103   Thumb Code     0  arm_startup_nrf51.o(.text)
    CCM_AAR_IRQHandler                       0x00000103   Thumb Code     0  arm_startup_nrf51.o(.text)
    ECB_IRQHandler                           0x00000103   Thumb Code     0  arm_startup_nrf51.o(.text)
    GPIOTE_IRQHandler                        0x00000103   Thumb Code     0  arm_startup_nrf51.o(.text)
    LPCOMP_COMP_IRQHandler                   0x00000103   Thumb Code     0  arm_startup_nrf51.o(.text)
    POWER_CLOCK_IRQHandler                   0x00000103   Thumb Code     0  arm_startup_nrf51.o(.text)
    QDEC_IRQHandler                          0x00000103   Thumb Code     0  arm_startup_nrf51.o(.text)
    RADIO_IRQHandler                         0x00000103   Thumb Code     0  arm_startup_nrf51.o(.text)
    RNG_IRQHandler                           0x00000103   Thumb Code     0  arm_startup_nrf51.o(.text)
    RTC0_IRQHandler                          0x00000103   Thumb Code     0  arm_startup_nrf51.o(.text)
    RTC1_IRQHandler                          0x00000103   Thumb Code     0  arm_startup_nrf51.o(.text)
    SPI0_TWI0_IRQHandler                     0x00000103   Thumb Code     0  arm_startup_nrf51.o(.text)
    SPI1_TWI1_IRQHandler                     0x00000103   Thumb Code     0  arm_startup_nrf51.o(.text)
    SWI0_IRQHandler                          0x00000103   Thumb Code     0  arm_startup_nrf51.o(.text)
    SWI1_IRQHandler                          0x00000103   Thumb Code     0  arm_startup_nrf51.o(.text)
    SWI2_IRQHandler                          0x00000103   Thumb Code     0  arm_startup_nrf51.o(.text)
    SWI3_IRQHandler                          0x00000103   Thumb Code     0  arm_startup_nrf51.o(.text)
    SWI4_IRQHandler                          0x00000103   Thumb Code     0  arm_startup_nrf51.o(.text)
    SWI5_IRQHandler                          0x00000103   Thumb Code     0  arm_startup_nrf51.o(.text)
    TEMP_IRQHandler                          0x00000103   Thumb Code     0  arm_startup_nrf51.o(.text)
    TIMER0_IRQHandler                        0x00000103   Thumb Code     0  arm_startup_nrf51.o(.text)
    TIMER1_IRQHandler                        0x00000103   Thumb Code     0  arm_startup_nrf51.o(.text)
    TIMER2_IRQHandler                        0x00000103   Thumb Code     0  arm_startup_nrf51.o(.text)
    UART0_IRQHandler                         0x00000103   Thumb Code     0  arm_startup_nrf51.o(.text)
    WDT_IRQHandler                           0x00000103   Thumb Code     0  arm_startup_nrf51.o(.text)
    init                                     0x00000109   Thumb Code   142  radio_rx.o(.text)
    ioinit                                   0x00000197   Thumb Code    12  radio_rx.o(.text)
    main                                     0x000001a3   Thumb Code   200  radio_rx.o(.text)
    pmInit                                   0x000002a1   Thumb Code    70  pm.o(.text)
    pmTest                                   0x000002e7   Thumb Code     6  pm.o(.text)
    pmGetBatteryVoltage                      0x0000035d   Thumb Code     6  pm.o(.text)
    pmGetBatteryVoltageMin                   0x00000363   Thumb Code     6  pm.o(.text)
    pmGetBatteryVoltageMax                   0x00000369   Thumb Code     6  pm.o(.text)
    pmSetChargeState                         0x0000036f   Thumb Code    68  pm.o(.text)
    pmGetChargeState                         0x000003b3   Thumb Code     6  pm.o(.text)
    pmUpdateState                            0x000003b9   Thumb Code   150  pm.o(.text)
    pmIsDischarging                          0x0000044f   Thumb Code    24  pm.o(.text)
    nrf_delay_ms                             0x000004a9   Thumb Code    32  nrf_delay.o(.text)
    gpio_init_in                             0x000004c9   Thumb Code    56  nrf_gpio.o(.text)
    gpio_init_out                            0x00000501   Thumb Code    46  nrf_gpio.o(.text)
    radio_configure                          0x0000057f   Thumb Code    98  radio_config.o(.text)
    simple_uart_get                          0x00000601   Thumb Code    24  simple_uart.o(.text)
    simple_uart_get_with_timeout             0x00000619   Thumb Code    62  simple_uart.o(.text)
    simple_uart_put                          0x00000657   Thumb Code    22  simple_uart.o(.text)
    simple_uart_putstring                    0x0000066d   Thumb Code    32  simple_uart.o(.text)
    simple_uart_config                       0x0000068d   Thumb Code    90  simple_uart.o(.text)
    fputc                                    0x000006e7   Thumb Code    24  simple_uart.o(.text)
    nrf_adc_init_vbat                        0x00000735   Thumb Code    12  nrf_adc.o(.text)
    nrf_adc_read                             0x00000741   Thumb Code    28  nrf_adc.o(.text)
    nrf_adc_read_vbat_f                      0x0000075d   Thumb Code    58  nrf_adc.o(.text)
    nrf_adc_read_vbat_mv                     0x00000797   Thumb Code    14  nrf_adc.o(.text)
    __aeabi_fmul                             0x000007c1   Thumb Code   122  fmul.o(.text)
    __aeabi_fdiv                             0x0000083b   Thumb Code   124  fdiv.o(.text)
    __aeabi_ui2f                             0x000008b7   Thumb Code    14  ffltui.o(.text)
    __aeabi_cfcmpeq                          0x000008c5   Thumb Code     0  cfcmple.o(.text)
    __aeabi_cfcmple                          0x000008c5   Thumb Code    20  cfcmple.o(.text)
    __aeabi_cfrcmple                         0x000008d9   Thumb Code    20  cfrcmple.o(.text)
    __I$use$fp                               0x000008ed   Thumb Code     0  iusefp.o(.text)
    _float_round                             0x000008ed   Thumb Code    16  fepilogue.o(.text)
    _float_epilogue                          0x000008fd   Thumb Code   116  fepilogue.o(.text)
    __scatterload                            0x00000971   Thumb Code    28  init.o(.text)
    __scatterload_rt2                        0x00000971   Thumb Code     0  init.o(.text)
    __scatterload_copy                       0x00000995   Thumb Code    14  handlers.o(i.__scatterload_copy)
    __scatterload_null                       0x000009a3   Thumb Code     2  handlers.o(i.__scatterload_null)
    __scatterload_zeroinit                   0x000009a5   Thumb Code    14  handlers.o(i.__scatterload_zeroinit)
    Region$$Table$$Base                      0x000009dc   Number         0  anon$$obj.o(Region$$Table)
    Region$$Table$$Limit                     0x000009fc   Number         0  anon$$obj.o(Region$$Table)
    __initial_sp                             0x20000840   Data           0  arm_startup_nrf51.o(STACK)



==============================================================================

Memory Map of the image

  Image Entry point : 0x000000c1

  Load Region LR_IROM1 (Base: 0x00000000, Size: 0x00000a1c, Max: 0x00040000, ABSOLUTE)

    Execution Region ER_IROM1 (Base: 0x00000000, Size: 0x000009fc, Max: 0x00040000, ABSOLUTE)

    Base Addr    Size         Type   Attr      Idx    E Section Name        Object

    0x00000000   0x000000c0   Data   RO            3    RESET               arm_startup_nrf51.o
    0x000000c0   0x00000000   Code   RO          322  * .ARM.Collect$$$$00000000  mc_p.l(entry.o)
    0x000000c0   0x00000004   Code   RO          335    .ARM.Collect$$$$00000001  mc_p.l(entry2.o)
    0x000000c4   0x00000004   Code   RO          338    .ARM.Collect$$$$00000004  mc_p.l(entry5.o)
    0x000000c8   0x00000000   Code   RO          340    .ARM.Collect$$$$00000008  mc_p.l(entry7b.o)
    0x000000c8   0x00000000   Code   RO          342    .ARM.Collect$$$$0000000A  mc_p.l(entry8b.o)
    0x000000c8   0x00000008   Code   RO          343    .ARM.Collect$$$$0000000B  mc_p.l(entry9a.o)
    0x000000d0   0x00000000   Code   RO          345    .ARM.Collect$$$$0000000D  mc_p.l(entry10a.o)
    0x000000d0   0x00000000   Code   RO          347    .ARM.Collect$$$$0000000F  mc_p.l(entry11a.o)
    0x000000d0   0x00000004   Code   RO          336    .ARM.Collect$$$$00002712  mc_p.l(entry2.o)
    0x000000d4   0x0000001e   Code   RO          277    .emb_text           simple_uart.o
    0x000000f2   0x00000002   PAD
    0x000000f4   0x00000014   Code   RO            4    .text               arm_startup_nrf51.o
    0x00000108   0x00000198   Code   RO          146    .text               radio_rx.o
    0x000002a0   0x00000208   Code   RO          178    .text               pm.o
    0x000004a8   0x00000020   Code   RO          208    .text               nrf_delay.o
    0x000004c8   0x00000066   Code   RO          234    .text               nrf_gpio.o
    0x0000052e   0x00000002   PAD
    0x00000530   0x000000d0   Code   RO          254    .text               radio_config.o
    0x00000600   0x00000134   Code   RO          278    .text               simple_uart.o
    0x00000734   0x0000008c   Code   RO          304    .text               nrf_adc.o
    0x000007c0   0x0000007a   Code   RO          325    .text               mf_p.l(fmul.o)
    0x0000083a   0x0000007c   Code   RO          327    .text               mf_p.l(fdiv.o)
    0x000008b6   0x0000000e   Code   RO          329    .text               mf_p.l(ffltui.o)
    0x000008c4   0x00000014   Code   RO          331    .text               mf_p.l(cfcmple.o)
    0x000008d8   0x00000014   Code   RO          333    .text               mf_p.l(cfrcmple.o)
    0x000008ec   0x00000000   Code   RO          349    .text               mc_p.l(iusefp.o)
    0x000008ec   0x00000084   Code   RO          350    .text               mf_p.l(fepilogue.o)
    0x00000970   0x00000024   Code   RO          352    .text               mc_p.l(init.o)
    0x00000994   0x0000000e   Code   RO          356    i.__scatterload_copy  mc_p.l(handlers.o)
    0x000009a2   0x00000002   Code   RO          357    i.__scatterload_null  mc_p.l(handlers.o)
    0x000009a4   0x0000000e   Code   RO          358    i.__scatterload_zeroinit  mc_p.l(handlers.o)
    0x000009b2   0x00000002   PAD
    0x000009b4   0x00000028   Data   RO          179    .constdata          pm.o
    0x000009dc   0x00000020   Data   RO          354    Region$$Table       anon$$obj.o


    Execution Region RW_IRAM1 (Base: 0x20000000, Size: 0x00000840, Max: 0x00004000, ABSOLUTE)

    Base Addr    Size         Type   Attr      Idx    E Section Name        Object

    0x20000000   0x0000001f   Data   RW          180    .data               pm.o
    0x2000001f   0x00000001   PAD
    0x20000020   0x00000020   Zero   RW          147    .bss                radio_rx.o
    0x20000040   0x00000800   Zero   RW            1    STACK               arm_startup_nrf51.o


==============================================================================

Image component sizes


      Code (inc. data)   RO Data    RW Data    ZI Data      Debug   Object Name

        20          4        192          0       2048        672   arm_startup_nrf51.o
       140         28          0          0          0       1022   nrf_adc.o
        32          0          0          0          0       1167   nrf_delay.o
       102          0          0          0          0        861   nrf_gpio.o
       520         32         40         31          0       5798   pm.o
         0          0          0          0          0       5608   project_nrf51822.o
       208         32          0          0          0       1042   radio_config.o
       408         44          0          0         32       3855   radio_rx.o
       338         16          0          0          0       5174   simple_uart.o

    ----------------------------------------------------------------------
      1772        156        264         32       2080      25199   Object Totals
         0          0         32          0          0          0   (incl. Generated)
         4          0          0          1          0          0   (incl. Padding)

    ----------------------------------------------------------------------

      Code (inc. data)   RO Data    RW Data    ZI Data      Debug   Library Member Name

         0          0          0          0          0          0   entry.o
         0          0          0          0          0          0   entry10a.o
         0          0          0          0          0          0   entry11a.o
         8          4          0          0          0          0   entry2.o
         4          0          0          0          0          0   entry5.o
         0          0          0          0          0          0   entry7b.o
         0          0          0          0          0          0   entry8b.o
         8          4          0          0          0          0   entry9a.o
        30          0          0          0          0          0   handlers.o
        36          8          0          0          0         68   init.o
         0          0          0          0          0          0   iusefp.o
        20          0          0          0          0         68   cfcmple.o
        20          0          0          0          0         68   cfrcmple.o
       124          0          0          0          0         72   fdiv.o
       132          0          0          0          0        144   fepilogue.o
        14          0          0          0          0         68   ffltui.o
       122          0          0          0          0         72   fmul.o

    ----------------------------------------------------------------------
       520         16          0          0          0        560   Library Totals
         2          0          0          0          0          0   (incl. Padding)

    ----------------------------------------------------------------------

      Code (inc. data)   RO Data    RW Data    ZI Data      Debug   Library Name

        86         16          0          0          0         68   mc_p.l
       432          0          0          0          0        492   mf_p.l

    ----------------------------------------------------------------------
       520         16          0          0          0        560   Library Totals

    ----------------------------------------------------------------------

==============================================================================


      Code (inc. data)   RO Data    RW Data    ZI Data      Debug   

      2292        172        264         32       2080      24979   Grand Totals
      2292        172        264         32       2080      24979   ELF Image Totals
      2292        172        264         32          0          0   ROM Totals

==============================================================================

    Total RO  Size (Code + RO Data)                 2556 (   2.50kB)
    Total RW  Size (RW Data + ZI Data)              2112 (   2.06kB)
    Total ROM Size (Code + RO Data + RW Data)       2588 (   2.53kB)

==============================================================================

