<html>
<body>
<pre>
<h1>礦ision Build Log</h1>
<h2>Project:</h2>
C:\Documents and Settings\Administrator.JIKXYRXHZ8CSKUY\桌面\无线调试\bleclass\user\radio_rx.uvproj
Project File Date:  12/04/2013

<h2>Output:</h2>
Rebuild target 'Target 1'
assembling arm_startup_nrf51.s...
compiling project_nrf51822.c...
compiling system_nrf51.c...
compiling radio_rx.c...
..\out\radio_rx.c(61): warning:  #223-D: function "radio_configure" declared implicitly
compiling nrf_gpio.c...
compiling radio_config.c...
..\project_nrf51\Basic\Include_C\nrf_radio\radio_config.c(138): warning:  #61-D: integer operation result is out of range
..\project_nrf51\Basic\Include_C\nrf_radio\radio_config.c(77): warning:  #177-D: function "bytewise_bitswap" was declared but never referenced
linking...
Program Size: Code=1000 RO-data=208 RW-data=0 ZI-data=4232  
".\radio_rx.axf" - 0 Errors, 3 Warning(s).
Load "C:\\Documents and Settings\\Administrator.JIKXYRXHZ8CSKUY\\桌面\\无线调试\\bleclass\\user\\radio_rx.axf" 
Set JLink Project File to "C:\Documents and Settings\Administrator.JIKXYRXHZ8CSKUY\桌面\无线调试\bleclass\user\JLinkSettings.ini"
* JLink Info: Device "NRF51822_XXAA" selected (257 KB flash, 8 KB RAM).
 
JLink info:
------------
DLL: V4.68a, compiled Apr 12 2013 13:26:50
Firmware: J-Link ARM-OB STM32 compiled Aug 22 2012 19:52:04
Hardware: V7.00
S/N : 20090928 
Feature(s) : RDI,FlashDL,FlashBP,JFlash,GDBFull 
 
* JLink Info: Found SWD-DP with ID 0x0BB11477
* JLink Info: FPUnit: 4 code (BP) slots and 0 literal slots
* JLink Info: Found Cortex-M0 r0p0, Little endian.
ROMTableAddr = 0xE00FF003
 
Target info:
------------
Device: nRF51822_xxAA
VTarget = 3.300V
State of Pins: 
TCK: 0, TDI: 1, TDO: 1, TMS: 0, TRES: 1, TRST: 1
Hardware-Breakpoints: 4
Software-Breakpoints: 8192
Watchpoints:          2
JTAG speed: 2000 kHz
 
Erase Done.
Programming Done.
Verify OK.
Application running ...
Rebuild target 'Target 1'
assembling arm_startup_nrf51.s...
compiling project_nrf51822.c...
compiling system_nrf51.c...
compiling radio_rx.c...
..\out\radio_rx.c(61): warning:  #223-D: function "radio_configure" declared implicitly
compiling nrf_gpio.c...
compiling radio_config.c...
..\project_nrf51\Basic\Include_C\nrf_radio\radio_config.c(138): warning:  #61-D: integer operation result is out of range
..\project_nrf51\Basic\Include_C\nrf_radio\radio_config.c(77): warning:  #177-D: function "bytewise_bitswap" was declared but never referenced
linking...
Program Size: Code=1000 RO-data=208 RW-data=0 ZI-data=4232  
".\radio_rx.axf" - 0 Errors, 3 Warning(s).
Load "C:\\Documents and Settings\\Administrator.JIKXYRXHZ8CSKUY\\桌面\\无线调试\\bleclass\\user\\radio_rx.axf" 
Set JLink Project File to "C:\Documents and Settings\Administrator.JIKXYRXHZ8CSKUY\桌面\无线调试\bleclass\user\JLinkSettings.ini"
* JLink Info: Device "NRF51822_XXAA" selected (257 KB flash, 8 KB RAM).
 
JLink info:
------------
DLL: V4.68a, compiled Apr 12 2013 13:26:50
Firmware: J-Link ARM-OB STM32 compiled Aug 22 2012 19:52:04
Hardware: V7.00
S/N : 20090928 
Feature(s) : RDI,FlashDL,FlashBP,JFlash,GDBFull 
 
* JLink Info: Found SWD-DP with ID 0x0BB11477
* JLink Info: FPUnit: 4 code (BP) slots and 0 literal slots
* JLink Info: Found Cortex-M0 r0p0, Little endian.
ROMTableAddr = 0xE00FF003
 
Target info:
------------
Device: nRF51822_xxAA
VTarget = 3.300V
State of Pins: 
TCK: 0, TDI: 1, TDO: 1, TMS: 0, TRES: 1, TRST: 1
Hardware-Breakpoints: 4
Software-Breakpoints: 8192
Watchpoints:          2
JTAG speed: 2000 kHz
 
Erase Done.
Programming Done.
Verify OK.
Application running ...
Rebuild target 'Target 1'
assembling arm_startup_nrf51.s...
compiling project_nrf51822.c...
compiling system_nrf51.c...
compiling radio_rx.c...
..\out\radio_rx.c(61): warning:  #223-D: function "radio_configure" declared implicitly
compiling nrf_gpio.c...
compiling radio_config.c...
..\project_nrf51\Basic\Include_C\nrf_radio\radio_config.c(138): warning:  #61-D: integer operation result is out of range
..\project_nrf51\Basic\Include_C\nrf_radio\radio_config.c(77): warning:  #177-D: function "bytewise_bitswap" was declared but never referenced
linking...
Program Size: Code=980 RO-data=208 RW-data=0 ZI-data=4232  
".\radio_rx.axf" - 0 Errors, 3 Warning(s).
Load "C:\\Documents and Settings\\Administrator.JIKXYRXHZ8CSKUY\\桌面\\无线调试\\bleclass\\user\\radio_rx.axf" 
Set JLink Project File to "C:\Documents and Settings\Administrator.JIKXYRXHZ8CSKUY\桌面\无线调试\bleclass\user\JLinkSettings.ini"
* JLink Info: Device "NRF51822_XXAA" selected (257 KB flash, 8 KB RAM).
 
JLink info:
------------
DLL: V4.68a, compiled Apr 12 2013 13:26:50
Firmware: J-Link ARM-OB STM32 compiled Aug 22 2012 19:52:04
Hardware: V7.00
S/N : 20090928 
Feature(s) : RDI,FlashDL,FlashBP,JFlash,GDBFull 
 
* JLink Info: Found SWD-DP with ID 0x0BB11477
* JLink Info: FPUnit: 4 code (BP) slots and 0 literal slots
* JLink Info: Found Cortex-M0 r0p0, Little endian.
ROMTableAddr = 0xE00FF003
 
Target info:
------------
Device: nRF51822_xxAA
VTarget = 3.300V
State of Pins: 
TCK: 0, TDI: 1, TDO: 1, TMS: 0, TRES: 1, TRST: 1
Hardware-Breakpoints: 4
Software-Breakpoints: 8192
Watchpoints:          2
JTAG speed: 2000 kHz
 
Erase Done.
Programming Done.
Verify OK.
Application running ...
Rebuild target 'Target 1'
assembling arm_startup_nrf51.s...
compiling project_nrf51822.c...
compiling system_nrf51.c...
compiling radio_rx.c...
..\out\radio_rx.c(61): warning:  #223-D: function "radio_configure" declared implicitly
compiling nrf_gpio.c...
compiling radio_config.c...
..\project_nrf51\Basic\Include_C\nrf_radio\radio_config.c(138): warning:  #61-D: integer operation result is out of range
..\project_nrf51\Basic\Include_C\nrf_radio\radio_config.c(77): warning:  #177-D: function "bytewise_bitswap" was declared but never referenced
linking...
Program Size: Code=984 RO-data=208 RW-data=0 ZI-data=4232  
".\radio_rx.axf" - 0 Errors, 3 Warning(s).
Load "C:\\Documents and Settings\\Administrator.JIKXYRXHZ8CSKUY\\桌面\\无线调试\\bleclass\\user\\radio_rx.axf" 
Set JLink Project File to "C:\Documents and Settings\Administrator.JIKXYRXHZ8CSKUY\桌面\无线调试\bleclass\user\JLinkSettings.ini"
* JLink Info: Device "NRF51822_XXAA" selected (257 KB flash, 8 KB RAM).
 
JLink info:
------------
DLL: V4.68a, compiled Apr 12 2013 13:26:50
Firmware: J-Link ARM-OB STM32 compiled Aug 22 2012 19:52:04
Hardware: V7.00
S/N : 20090928 
Feature(s) : RDI,FlashDL,FlashBP,JFlash,GDBFull 
 
* JLink Info: Found SWD-DP with ID 0x0BB11477
* JLink Info: FPUnit: 4 code (BP) slots and 0 literal slots
* JLink Info: Found Cortex-M0 r0p0, Little endian.
ROMTableAddr = 0xE00FF003
 
Target info:
------------
Device: nRF51822_xxAA
VTarget = 3.300V
State of Pins: 
TCK: 0, TDI: 1, TDO: 1, TMS: 0, TRES: 1, TRST: 1
Hardware-Breakpoints: 4
Software-Breakpoints: 8192
Watchpoints:          2
JTAG speed: 2000 kHz
 
Erase Done.
Programming Done.
Verify OK.
Application running ...
Rebuild target 'Target 1'
assembling arm_startup_nrf51.s...
compiling project_nrf51822.c...
compiling system_nrf51.c...
compiling radio_rx.c...
..\out\radio_rx.c(61): warning:  #223-D: function "radio_configure" declared implicitly
compiling nrf_gpio.c...
compiling radio_config.c...
..\project_nrf51\Basic\Include_C\nrf_radio\radio_config.c(138): warning:  #61-D: integer operation result is out of range
..\project_nrf51\Basic\Include_C\nrf_radio\radio_config.c(77): warning:  #177-D: function "bytewise_bitswap" was declared but never referenced
linking...
Program Size: Code=984 RO-data=208 RW-data=0 ZI-data=4232  
".\radio_rx.axf" - 0 Errors, 3 Warning(s).
Load "C:\\Documents and Settings\\Administrator.JIKXYRXHZ8CSKUY\\桌面\\无线调试\\bleclass\\user\\radio_rx.axf" 
Set JLink Project File to "C:\Documents and Settings\Administrator.JIKXYRXHZ8CSKUY\桌面\无线调试\bleclass\user\JLinkSettings.ini"
* JLink Info: Device "NRF51822_XXAA" selected (257 KB flash, 8 KB RAM).
 
JLink info:
------------
DLL: V4.68a, compiled Apr 12 2013 13:26:50
Firmware: J-Link ARM-OB STM32 compiled Aug 22 2012 19:52:04
Hardware: V7.00
S/N : 20090928 
Feature(s) : RDI,FlashDL,FlashBP,JFlash,GDBFull 
 
* JLink Info: Found SWD-DP with ID 0x0BB11477
* JLink Info: FPUnit: 4 code (BP) slots and 0 literal slots
* JLink Info: Found Cortex-M0 r0p0, Little endian.
ROMTableAddr = 0xE00FF003
 
Target info:
------------
Device: nRF51822_xxAA
VTarget = 3.300V
State of Pins: 
TCK: 0, TDI: 1, TDO: 1, TMS: 0, TRES: 1, TRST: 1
Hardware-Breakpoints: 4
Software-Breakpoints: 8192
Watchpoints:          2
JTAG speed: 2000 kHz
 
Erase Done.
Programming Done.
Verify OK.
Application running ...
Rebuild target 'Target 1'
assembling arm_startup_nrf51.s...
compiling project_nrf51822.c...
compiling system_nrf51.c...
compiling radio_rx.c...
..\out\radio_rx.c(61): warning:  #223-D: function "radio_configure" declared implicitly
compiling nrf_gpio.c...
compiling radio_config.c...
..\project_nrf51\Basic\Include_C\nrf_radio\radio_config.c(138): warning:  #61-D: integer operation result is out of range
..\project_nrf51\Basic\Include_C\nrf_radio\radio_config.c(77): warning:  #177-D: function "bytewise_bitswap" was declared but never referenced
linking...
Program Size: Code=984 RO-data=208 RW-data=0 ZI-data=4232  
".\radio_rx.axf" - 0 Errors, 3 Warning(s).
Load "C:\\Documents and Settings\\Administrator.JIKXYRXHZ8CSKUY\\桌面\\无线调试\\bleclass\\user\\radio_rx.axf" 
Set JLink Project File to "C:\Documents and Settings\Administrator.JIKXYRXHZ8CSKUY\桌面\无线调试\bleclass\user\JLinkSettings.ini"
* JLink Info: Device "NRF51822_XXAA" selected (257 KB flash, 8 KB RAM).
 
JLink info:
------------
DLL: V4.68a, compiled Apr 12 2013 13:26:50
Firmware: J-Link ARM-OB STM32 compiled Aug 22 2012 19:52:04
Hardware: V7.00
S/N : 20090928 
Feature(s) : RDI,FlashDL,FlashBP,JFlash,GDBFull 
 
* JLink Info: Found SWD-DP with ID 0x0BB11477
* JLink Info: FPUnit: 4 code (BP) slots and 0 literal slots
* JLink Info: Found Cortex-M0 r0p0, Little endian.
ROMTableAddr = 0xE00FF003
 
Target info:
------------
Device: nRF51822_xxAA
VTarget = 3.300V
State of Pins: 
TCK: 0, TDI: 1, TDO: 1, TMS: 0, TRES: 1, TRST: 1
Hardware-Breakpoints: 4
Software-Breakpoints: 8192
Watchpoints:          2
JTAG speed: 2000 kHz
 
Erase Done.
Programming Done.
Verify OK.
Application running ...
Rebuild target 'Target 1'
assembling arm_startup_nrf51.s...
compiling project_nrf51822.c...
compiling system_nrf51.c...
compiling radio_rx.c...
..\out\radio_rx.c(61): warning:  #223-D: function "radio_configure" declared implicitly
compiling nrf_gpio.c...
compiling radio_config.c...
..\project_nrf51\Basic\Include_C\nrf_radio\radio_config.c(138): warning:  #61-D: integer operation result is out of range
..\project_nrf51\Basic\Include_C\nrf_radio\radio_config.c(77): warning:  #177-D: function "bytewise_bitswap" was declared but never referenced
linking...
Program Size: Code=980 RO-data=208 RW-data=0 ZI-data=4232  
".\radio_rx.axf" - 0 Errors, 3 Warning(s).
Load "C:\\Documents and Settings\\Administrator.JIKXYRXHZ8CSKUY\\桌面\\无线调试\\bleclass\\user\\radio_rx.axf" 
Set JLink Project File to "C:\Documents and Settings\Administrator.JIKXYRXHZ8CSKUY\桌面\无线调试\bleclass\user\JLinkSettings.ini"
* JLink Info: Device "NRF51822_XXAA" selected (257 KB flash, 8 KB RAM).
 
JLink info:
------------
DLL: V4.68a, compiled Apr 12 2013 13:26:50
Firmware: J-Link ARM-OB STM32 compiled Aug 22 2012 19:52:04
Hardware: V7.00
S/N : 20090928 
Feature(s) : RDI,FlashDL,FlashBP,JFlash,GDBFull 
 
* JLink Info: Found SWD-DP with ID 0x0BB11477
* JLink Info: FPUnit: 4 code (BP) slots and 0 literal slots
* JLink Info: Found Cortex-M0 r0p0, Little endian.
ROMTableAddr = 0xE00FF003
 
Target info:
------------
Device: nRF51822_xxAA
VTarget = 3.300V
State of Pins: 
TCK: 0, TDI: 1, TDO: 1, TMS: 0, TRES: 1, TRST: 1
Hardware-Breakpoints: 4
Software-Breakpoints: 8192
Watchpoints:          2
JTAG speed: 2000 kHz
 
Erase Done.
Programming Done.
Verify OK.
Application running ...
Rebuild target 'Target 1'
assembling arm_startup_nrf51.s...
compiling project_nrf51822.c...
compiling system_nrf51.c...
compiling radio_rx.c...
..\out\radio_rx.c(61): warning:  #223-D: function "radio_configure" declared implicitly
compiling nrf_gpio.c...
compiling radio_config.c...
..\project_nrf51\Basic\Include_C\nrf_radio\radio_config.c(138): warning:  #61-D: integer operation result is out of range
..\project_nrf51\Basic\Include_C\nrf_radio\radio_config.c(77): warning:  #177-D: function "bytewise_bitswap" was declared but never referenced
linking...
Program Size: Code=980 RO-data=208 RW-data=0 ZI-data=4232  
".\radio_rx.axf" - 0 Errors, 3 Warning(s).
Load "C:\\Documents and Settings\\Administrator.JIKXYRXHZ8CSKUY\\桌面\\无线调试\\bleclass\\user\\radio_rx.axf" 
Set JLink Project File to "C:\Documents and Settings\Administrator.JIKXYRXHZ8CSKUY\桌面\无线调试\bleclass\user\JLinkSettings.ini"
* JLink Info: Device "NRF51822_XXAA" selected (257 KB flash, 8 KB RAM).
 
JLink info:
------------
DLL: V4.68a, compiled Apr 12 2013 13:26:50
Firmware: J-Link ARM-OB STM32 compiled Aug 22 2012 19:52:04
Hardware: V7.00
S/N : 20090928 
Feature(s) : RDI,FlashDL,FlashBP,JFlash,GDBFull 
 
* JLink Info: Found SWD-DP with ID 0x0BB11477
* JLink Info: FPUnit: 4 code (BP) slots and 0 literal slots
* JLink Info: Found Cortex-M0 r0p0, Little endian.
ROMTableAddr = 0xE00FF003
 
Target info:
------------
Device: nRF51822_xxAA
VTarget = 3.300V
State of Pins: 
TCK: 0, TDI: 1, TDO: 1, TMS: 0, TRES: 1, TRST: 1
Hardware-Breakpoints: 4
Software-Breakpoints: 8192
Watchpoints:          2
JTAG speed: 2000 kHz
 
Erase Done.
Programming Done.
Verify OK.
Application running ...
Rebuild target 'Target 1'
assembling arm_startup_nrf51.s...
compiling project_nrf51822.c...
compiling system_nrf51.c...
compiling radio_rx.c...
..\out\radio_rx.c(61): warning:  #223-D: function "radio_configure" declared implicitly
compiling nrf_gpio.c...
compiling radio_config.c...
..\project_nrf51\Basic\Include_C\nrf_radio\radio_config.c(138): warning:  #61-D: integer operation result is out of range
..\project_nrf51\Basic\Include_C\nrf_radio\radio_config.c(77): warning:  #177-D: function "bytewise_bitswap" was declared but never referenced
linking...
Program Size: Code=984 RO-data=208 RW-data=0 ZI-data=4232  
".\radio_rx.axf" - 0 Errors, 3 Warning(s).
Load "C:\\Documents and Settings\\Administrator.JIKXYRXHZ8CSKUY\\桌面\\无线调试\\bleclass\\user\\radio_rx.axf" 
Set JLink Project File to "C:\Documents and Settings\Administrator.JIKXYRXHZ8CSKUY\桌面\无线调试\bleclass\user\JLinkSettings.ini"
* JLink Info: Device "NRF51822_XXAA" selected (257 KB flash, 8 KB RAM).
 
JLink info:
------------
DLL: V4.68a, compiled Apr 12 2013 13:26:50
Firmware: J-Link ARM-OB STM32 compiled Aug 22 2012 19:52:04
Hardware: V7.00
S/N : 20090928 
Feature(s) : RDI,FlashDL,FlashBP,JFlash,GDBFull 
 
* JLink Info: Found SWD-DP with ID 0x0BB11477
* JLink Info: FPUnit: 4 code (BP) slots and 0 literal slots
* JLink Info: Found Cortex-M0 r0p0, Little endian.
ROMTableAddr = 0xE00FF003
 
Target info:
------------
Device: nRF51822_xxAA
VTarget = 3.300V
State of Pins: 
TCK: 0, TDI: 1, TDO: 1, TMS: 0, TRES: 1, TRST: 1
Hardware-Breakpoints: 4
Software-Breakpoints: 8192
Watchpoints:          2
JTAG speed: 2000 kHz
 
Erase Done.
Programming Done.
Verify OK.
Application running ...
